// Jest Snapshot v1, https://goo.gl/fbAQLP

exports[`Dropdown snapshot testing renders a list of options and a value 1`] = `
<select
  className="select t-select"
  onChange={[Function]}
  value="21"
>
  <option
    className="t-option"
    value="10"
  >
    Del Piero
  </option>
  <option
    className="t-option"
    value="21"
  >
    Dybala
  </option>
</select>
`;
