// Jest Snapshot v1, https://goo.gl/fbAQLP

exports[`Quote journey with snapshot loads and renders a quote 1`] = `
<div
  className="buttons"
>
  <button
    className="t-fetch-quote"
    onClick={[Function]}
  >
    Show a quote
  </button>
</div>
`;

exports[`Quote journey with snapshot loads and renders a quote 2`] = `
<div
  className="buttons"
>
  <button
    className="t-fetch-quote"
    onClick={[Function]}
  >
    Show a quote
  </button>
</div>
`;

exports[`Quote journey with snapshot loads and renders a quote 3`] = `
<div
  className="buttons"
>
  <button
    className="t-fetch-quote"
    onClick={[Function]}
  >
    Show a quote
  </button>
</div>
`;
